// Jest Snapshot v1, https://goo.gl/fbAQLP

exports[`The Header component renders as expected 1`] = `
<DocumentFragment>
  <header
    class="header"
  >
    <div
      class="branding"
    >
      <img
        alt="Space Travelers' Hub logo"
        class="logo"
        src="logo.png"
      />
      <h1
        class="pageTitle"
      >
        Space Travelers' Hub
      </h1>
    </div>
    <nav
      class="navigation"
    >
      <ul
        class="navList"
      >
        <li
          class="navListItem"
        >
          <a
            aria-current="page"
            class="navLink active"
            data-testid="navlink-rockets-page"
            href="/"
          >
            Rockets
          </a>
        </li>
        <li
          class="navListItem"
        >
          <a
            class="navLink"
            data-testid="navlink-missions-page"
            href="/missions"
          >
            Missions
          </a>
        </li>
        <li
          class="navListItem"
        >
          <a
            class="navLink"
            data-testid="navlink-my-profile-page"
            href="/my-profile"
          >
            My Profile
          </a>
        </li>
      </ul>
    </nav>
  </header>
</DocumentFragment>
`;
